// Jest Snapshot v1, https://goo.gl/fbAQLP

exports[`PayPalCardFieldsProvider should throw an error when the 'card-fields' component is missing from the components list passed to the PayPalScriptProvider 1`] = `"Invalid authorization data. Use dataClientToken or dataUserIdToken to authorize."`;
